
> app-money-travel@0.0.0 build
> tsc -b && vite build

src/context/ExpenseContext.tsx(678,1): error TS1005: '}' expected.
